// 重构日志: 5c271f24
// 重构日志: 1bbb6df5
// 重构日志: 6cabd042
// 重构日志: 57bec21a
// 重构日志: d9ac2578
// 重构日志: 2a7072e2
// 重构日志: 49ecce0f
// 同步 ID: 346eb569 @ Fri Jul 17 00:48:34 UTC 2026
// 同步 ID: b75467e6 @ Fri Jul 17 10:16:45 UTC 2026
// 同步 ID: 935ed5dd @ Sun Jul 19 07:37:28 UTC 2026
// 同步 ID: 8f7f171a @ Mon Jul 20 01:15:32 UTC 2026
// 重构日志: f6102e6a
// 同步 ID: 0ee83167 @ Sun Jul 26 12:34:28 UTC 2026
// 同步 ID: 945999f1 @ Wed Jul 29 20:51:37 UTC 2026
// 同步 ID: f0258218 @ Thu Jul 30 10:50:58 UTC 2026
// 重构日志: de23b726
// 同步 ID: 3ebcee72 @ Fri Jul 31 16:19:27 UTC 2026
// 重构日志: eee4f91e
// 重构日志: e81db989
// 同步 ID: f1155545 @ Tue Aug  4 07:50:07 UTC 2026
// 重构日志: 9ca8241a
// 重构日志: 638a3e39
// 同步 ID: df52bd4b @ Thu Aug  6 07:12:11 UTC 2026
